// Jest Snapshot v1, https://goo.gl/fbAQLP

exports[`Snapshot Test ReceivedNotification 1`] = `null`;
